# schmaloogium golden · kind=frontend · schema=1
engine.version = 0.1.0-dev
input.configurationFingerprint = 47268e8161742b32ddbf8ec0f971da00828e1dcfd147c7849709a6708e0dfe3a
input.configurationSchema = 23
input.pack = mp-dimension@1.0.0
input.packSha512 = 
input.profile = synthetic-gl33
input.projectionVersion = 1

[sources]
count = 5
shaders/gbuffers_terrain.fsh = lines=9 sha256=7cfbc447c4eb2b3435751f14c36229999ff57cef913f42f3d754bba654e567f6
shaders/gbuffers_terrain.vsh = lines=9 sha256=c04cc61eef08481f7e5b1cd19a661faf09a1fa3a81edebd4924803b15ddd7d76
shaders/shaders.properties = lines=5 sha256=7d410a75404ec7ef102ae87fd16c5fb1e2d283718443c9165fec67f2c04a112d
shaders/world-1/gbuffers_terrain.fsh = lines=10 sha256=ba1941afd0d29fe5ebc5bb56f547818db3f8c1cbc07e7cb995a5c914471d85dd
shaders/world1/gbuffers_terrain.fsh = lines=10 sha256=0a82362a8b0a3b2ea738460d7d4ac632d513a8499d7082d42afbcc6f38cde8bd

[programs]
owner.programStates.$type = Evaluated
owner.programStates.programs.0.$type = EvaluatedProgramState
owner.programStates.programs.0.alphaTest = absent
owner.programStates.programs.0.blend = absent
owner.programStates.programs.0.finalEnabled = true
owner.programStates.programs.0.key.$type = ProgramKey
owner.programStates.programs.0.key.dimension.$type = DimensionKey
owner.programStates.programs.0.key.dimension.legacyId = absent
owner.programStates.programs.0.key.programName = gbuffers_terrain
owner.programStates.programs.0.profileDisabled = false
owner.programStates.programs.0.propertyEnabled = true
owner.programStates.programs.0.scale = absent
owner.programStates.programs.1.$type = EvaluatedProgramState
owner.programStates.programs.1.alphaTest = absent
owner.programStates.programs.1.blend = absent
owner.programStates.programs.1.finalEnabled = true
owner.programStates.programs.1.key.$type = ProgramKey
owner.programStates.programs.1.key.dimension.$type = DimensionKey
owner.programStates.programs.1.key.dimension.legacyId = -1
owner.programStates.programs.1.key.programName = gbuffers_terrain
owner.programStates.programs.1.profileDisabled = false
owner.programStates.programs.1.propertyEnabled = true
owner.programStates.programs.1.scale = absent
owner.programStates.programs.2.$type = EvaluatedProgramState
owner.programStates.programs.2.alphaTest = absent
owner.programStates.programs.2.blend = absent
owner.programStates.programs.2.finalEnabled = true
owner.programStates.programs.2.key.$type = ProgramKey
owner.programStates.programs.2.key.dimension.$type = DimensionKey
owner.programStates.programs.2.key.dimension.legacyId = 1
owner.programStates.programs.2.key.programName = gbuffers_terrain
owner.programStates.programs.2.profileDisabled = false
owner.programStates.programs.2.propertyEnabled = true
owner.programStates.programs.2.scale = absent

[sizing]
owner.resources.centerDepth.$type = CenterDepthRequirements
owner.resources.centerDepth.required = false
owner.resources.minima.$type = BufferMinima
owner.resources.minima.colorBuffers = 8
owner.resources.minima.mainDepthTextures = 1
owner.resources.minima.shadowColorBuffers = 0
owner.resources.minima.shadowDepthBuffers = 1
owner.resources.noise.$type = NoiseRequirement
owner.resources.noise.enabled = false
owner.resources.noise.resolution = 128
owner.resources.shadow.$type = ShadowRequirements
owner.resources.shadow.distance = 160
owner.resources.shadow.distanceRenderMultiplier = -1
owner.resources.shadow.fov = absent
owner.resources.shadow.intervalSize = 4
owner.resources.shadow.resolution = 1024
owner.resources.smoothing.$type = SmoothingConstants
owner.resources.smoothing.centerDepthHalfLifeTicks = 1
owner.resources.smoothing.drynessHalfLifeTicks = 600
owner.resources.smoothing.eyeBrightnessHalfLifeTicks = 10
owner.resources.smoothing.wetnessHalfLifeTicks = 600
owner.resources.world.$type = WorldRenderConstants
owner.resources.world.ambientOcclusionLevel = 0.5
owner.resources.world.sunPathRotation = 0

[options]
owner.options.mainScreen.$type = ScreenModel
owner.options.mainScreen.explicitColumns = absent

[properties]
owner.dimensions.0.key.$type = DimensionKey
owner.dimensions.0.key.legacyId = absent
owner.dimensions.0.value.$type = DimensionConfiguration
owner.dimensions.0.value.baseDimension = absent
owner.dimensions.0.value.key.$type = DimensionKey
owner.dimensions.0.value.key.legacyId = absent
owner.dimensions.0.value.mode = BASE
owner.dimensions.0.value.sourceRoots.0.$type = SourceKey
owner.dimensions.0.value.sourceRoots.0.dimension.$type = DimensionKey
owner.dimensions.0.value.sourceRoots.0.dimension.legacyId = absent
owner.dimensions.0.value.sourceRoots.0.programName = gbuffers_terrain
owner.dimensions.0.value.sourceRoots.0.source = shaders/gbuffers_terrain.fsh
owner.dimensions.0.value.sourceRoots.0.stage = FRAGMENT
owner.dimensions.0.value.sourceRoots.1.$type = SourceKey
owner.dimensions.0.value.sourceRoots.1.dimension.$type = DimensionKey
owner.dimensions.0.value.sourceRoots.1.dimension.legacyId = absent
owner.dimensions.0.value.sourceRoots.1.programName = gbuffers_terrain
owner.dimensions.0.value.sourceRoots.1.source = shaders/gbuffers_terrain.vsh
owner.dimensions.0.value.sourceRoots.1.stage = VERTEX
owner.dimensions.1.key.$type = DimensionKey
owner.dimensions.1.key.legacyId = -1
owner.dimensions.1.value.$type = DimensionConfiguration
owner.dimensions.1.value.baseDimension.$type = DimensionKey
owner.dimensions.1.value.baseDimension.legacyId = absent
owner.dimensions.1.value.key.$type = DimensionKey
owner.dimensions.1.value.key.legacyId = -1
owner.dimensions.1.value.mode = OVERRIDE
owner.dimensions.1.value.sourceRoots.0.$type = SourceKey
owner.dimensions.1.value.sourceRoots.0.dimension.$type = DimensionKey
owner.dimensions.1.value.sourceRoots.0.dimension.legacyId = -1
owner.dimensions.1.value.sourceRoots.0.programName = gbuffers_terrain
owner.dimensions.1.value.sourceRoots.0.source = shaders/world-1/gbuffers_terrain.fsh
owner.dimensions.1.value.sourceRoots.0.stage = FRAGMENT
owner.dimensions.2.key.$type = DimensionKey
owner.dimensions.2.key.legacyId = 1
owner.dimensions.2.value.$type = DimensionConfiguration
owner.dimensions.2.value.baseDimension.$type = DimensionKey
owner.dimensions.2.value.baseDimension.legacyId = absent
owner.dimensions.2.value.key.$type = DimensionKey
owner.dimensions.2.value.key.legacyId = 1
owner.dimensions.2.value.mode = OVERRIDE
owner.dimensions.2.value.sourceRoots.0.$type = SourceKey
owner.dimensions.2.value.sourceRoots.0.dimension.$type = DimensionKey
owner.dimensions.2.value.sourceRoots.0.dimension.legacyId = 1
owner.dimensions.2.value.sourceRoots.0.programName = gbuffers_terrain
owner.dimensions.2.value.sourceRoots.0.source = shaders/world1/gbuffers_terrain.fsh
owner.dimensions.2.value.sourceRoots.0.stage = FRAGMENT

[macros]
owner.macros.companionOptionMacros.$type = CompanionOptionMacros
owner.macros.companionOptionMacros.normalMap = false
owner.macros.companionOptionMacros.specularMap = false
owner.macros.identityPolicy = OPTION_1

[diagnostics]
count = 0
