# schmaloogium golden · kind=frontend · schema=1
engine.version = 0.1.0-dev
input.configurationFingerprint = 2dae79568fd42ae39d4273edb594e53575178f4bf47de1f067ff4ec4a3f0cd56
input.configurationSchema = 23
input.pack = mp-includes@1.0.0
input.packSha512 = 
input.profile = synthetic-gl33
input.projectionVersion = 1

[sources]
count = 13
shaders/gbuffers_terrain.fsh = lines=9 sha256=dc786ae9ecb03de465546b0658c8b887df35c3ee672fbc9263c974555ec9508e
shaders/gbuffers_terrain.vsh = lines=11 sha256=9c639f2b2a0cf6817c06389a216d8b5bfa6cd08c835de8ea7f441cfad81a111d
shaders/include/depth01.glsl = lines=6 sha256=4b1a2c0710e9a23a730b82512e40750a6a626ed237d055869fa50f77f37fb775
shaders/include/depth02.glsl = lines=6 sha256=a3e8d4485325657e165724bf03f62b3bf96d32e19747e27d9a15d733500482fd
shaders/include/depth03.glsl = lines=6 sha256=bf0cb8af0266173f9eb355867d6c325bdc0a078c23bbbc71329a7a3ec4558cdf
shaders/include/depth04.glsl = lines=6 sha256=c7ee30708123b73c0c145fc789b3abbc225e2c117d14eccc64c217114c506e70
shaders/include/depth05.glsl = lines=6 sha256=bc17c0edfdfa3661cdecf3c918c5a96a212a3317d174304a70784959465a634b
shaders/include/depth06.glsl = lines=6 sha256=0675766198666b0fa7c275663de219921a86d4b0523a9f516c68632f017eab97
shaders/include/depth07.glsl = lines=6 sha256=7c44e9c2132bf0997f7a0c41d4ce612b28c7c409ee5be7ccfb7de02523c5c0bc
shaders/include/depth08.glsl = lines=6 sha256=bff54a49fbfeabd9b92baf9cef84808fd7c45d31c6405d8cf48197ddd1cd3da5
shaders/include/depth09.glsl = lines=6 sha256=a663c7b703342c453a39782de4c5635cf2e856d001d3bcde8fed70911bff40bf
shaders/include/depth10.glsl = lines=6 sha256=ac5839e160861f24534b693e082356c1bb96f4e4fe7097a9f42878de9763c995
shaders/shaders.properties = lines=7 sha256=aa60be210a816869caad85f1b66318c83e57c42e3d074587ab7bfb03ad3dda3b

[programs]
owner.programStates.$type = Evaluated
owner.programStates.programs.0.$type = EvaluatedProgramState
owner.programStates.programs.0.alphaTest = absent
owner.programStates.programs.0.blend = absent
owner.programStates.programs.0.finalEnabled = true
owner.programStates.programs.0.key.$type = ProgramKey
owner.programStates.programs.0.key.dimension.$type = DimensionKey
owner.programStates.programs.0.key.dimension.legacyId = absent
owner.programStates.programs.0.key.programName = gbuffers_terrain
owner.programStates.programs.0.profileDisabled = false
owner.programStates.programs.0.propertyEnabled = true
owner.programStates.programs.0.scale = absent

[sizing]
owner.resources.centerDepth.$type = CenterDepthRequirements
owner.resources.centerDepth.required = false
owner.resources.minima.$type = BufferMinima
owner.resources.minima.colorBuffers = 8
owner.resources.minima.mainDepthTextures = 1
owner.resources.minima.shadowColorBuffers = 0
owner.resources.minima.shadowDepthBuffers = 1
owner.resources.noise.$type = NoiseRequirement
owner.resources.noise.enabled = false
owner.resources.noise.resolution = 128
owner.resources.shadow.$type = ShadowRequirements
owner.resources.shadow.distance = 160
owner.resources.shadow.distanceRenderMultiplier = -1
owner.resources.shadow.fov = absent
owner.resources.shadow.intervalSize = 4
owner.resources.shadow.resolution = 1024
owner.resources.smoothing.$type = SmoothingConstants
owner.resources.smoothing.centerDepthHalfLifeTicks = 1
owner.resources.smoothing.drynessHalfLifeTicks = 600
owner.resources.smoothing.eyeBrightnessHalfLifeTicks = 10
owner.resources.smoothing.wetnessHalfLifeTicks = 600
owner.resources.world.$type = WorldRenderConstants
owner.resources.world.ambientOcclusionLevel = 0.5
owner.resources.world.sunPathRotation = 0

[options]
owner.options.mainScreen.$type = ScreenModel
owner.options.mainScreen.explicitColumns = absent

[properties]
owner.dimensions.0.key.$type = DimensionKey
owner.dimensions.0.key.legacyId = absent
owner.dimensions.0.value.$type = DimensionConfiguration
owner.dimensions.0.value.baseDimension = absent
owner.dimensions.0.value.key.$type = DimensionKey
owner.dimensions.0.value.key.legacyId = absent
owner.dimensions.0.value.mode = BASE
owner.dimensions.0.value.sourceRoots.0.$type = SourceKey
owner.dimensions.0.value.sourceRoots.0.dimension.$type = DimensionKey
owner.dimensions.0.value.sourceRoots.0.dimension.legacyId = absent
owner.dimensions.0.value.sourceRoots.0.programName = gbuffers_terrain
owner.dimensions.0.value.sourceRoots.0.source = shaders/gbuffers_terrain.fsh
owner.dimensions.0.value.sourceRoots.0.stage = FRAGMENT
owner.dimensions.0.value.sourceRoots.1.$type = SourceKey
owner.dimensions.0.value.sourceRoots.1.dimension.$type = DimensionKey
owner.dimensions.0.value.sourceRoots.1.dimension.legacyId = absent
owner.dimensions.0.value.sourceRoots.1.programName = gbuffers_terrain
owner.dimensions.0.value.sourceRoots.1.source = shaders/gbuffers_terrain.vsh
owner.dimensions.0.value.sourceRoots.1.stage = VERTEX

[macros]
owner.macros.companionOptionMacros.$type = CompanionOptionMacros
owner.macros.companionOptionMacros.normalMap = false
owner.macros.companionOptionMacros.specularMap = false
owner.macros.identityPolicy = OPTION_1

[diagnostics]
count = 0
