# schmaloogium golden · kind=frontend · schema=1
engine.version = 0.1.0-dev
input.configurationFingerprint = f5fecce71e27a5d8d00bc03115692bc90148fd3beb512e9c903f15bb269c93aa
input.configurationSchema = 23
input.pack = mp-properties@1.0.0
input.packSha512 = 
input.profile = synthetic-gl33
input.projectionVersion = 1

[sources]
count = 3
shaders/gbuffers_terrain.fsh = lines=9 sha256=e2fd1f9bb6f3c5116031d50f8ae7c16cc7b283a07dcebbca4f1b779237af9bc2
shaders/gbuffers_terrain.vsh = lines=9 sha256=c04cc61eef08481f7e5b1cd19a661faf09a1fa3a81edebd4924803b15ddd7d76
shaders/shaders.properties = lines=16 sha256=a092fe47ba6c3aa514299a609f2e88271c327774c3f807c6dbbc3230a89e1e5a

[programs]
owner.programStates.$type = Evaluated
owner.programStates.programs.0.$type = EvaluatedProgramState
owner.programStates.programs.0.alphaTest = absent
owner.programStates.programs.0.blend = absent
owner.programStates.programs.0.finalEnabled = true
owner.programStates.programs.0.key.$type = ProgramKey
owner.programStates.programs.0.key.dimension.$type = DimensionKey
owner.programStates.programs.0.key.dimension.legacyId = absent
owner.programStates.programs.0.key.programName = gbuffers_terrain
owner.programStates.programs.0.profileDisabled = false
owner.programStates.programs.0.propertyEnabled = true
owner.programStates.programs.0.scale = absent

[sizing]
owner.resources.centerDepth.$type = CenterDepthRequirements
owner.resources.centerDepth.required = false
owner.resources.minima.$type = BufferMinima
owner.resources.minima.colorBuffers = 8
owner.resources.minima.mainDepthTextures = 1
owner.resources.minima.shadowColorBuffers = 0
owner.resources.minima.shadowDepthBuffers = 1
owner.resources.noise.$type = NoiseRequirement
owner.resources.noise.enabled = false
owner.resources.noise.resolution = 256
owner.resources.shadow.$type = ShadowRequirements
owner.resources.shadow.distance = 160
owner.resources.shadow.distanceRenderMultiplier = -1
owner.resources.shadow.fov = absent
owner.resources.shadow.intervalSize = 4
owner.resources.shadow.resolution = 1024
owner.resources.smoothing.$type = SmoothingConstants
owner.resources.smoothing.centerDepthHalfLifeTicks = 1
owner.resources.smoothing.drynessHalfLifeTicks = 600
owner.resources.smoothing.eyeBrightnessHalfLifeTicks = 10
owner.resources.smoothing.wetnessHalfLifeTicks = 600
owner.resources.world.$type = WorldRenderConstants
owner.resources.world.ambientOcclusionLevel = 0.5
owner.resources.world.sunPathRotation = 0

[options]
owner.options.mainScreen.$type = ScreenModel
owner.options.mainScreen.explicitColumns = absent

[properties]
owner.dimensions.0.key.$type = DimensionKey
owner.dimensions.0.key.legacyId = absent
owner.dimensions.0.value.$type = DimensionConfiguration
owner.dimensions.0.value.baseDimension = absent
owner.dimensions.0.value.key.$type = DimensionKey
owner.dimensions.0.value.key.legacyId = absent
owner.dimensions.0.value.mode = BASE
owner.dimensions.0.value.sourceRoots.0.$type = SourceKey
owner.dimensions.0.value.sourceRoots.0.dimension.$type = DimensionKey
owner.dimensions.0.value.sourceRoots.0.dimension.legacyId = absent
owner.dimensions.0.value.sourceRoots.0.programName = gbuffers_terrain
owner.dimensions.0.value.sourceRoots.0.source = shaders/gbuffers_terrain.fsh
owner.dimensions.0.value.sourceRoots.0.stage = FRAGMENT
owner.dimensions.0.value.sourceRoots.1.$type = SourceKey
owner.dimensions.0.value.sourceRoots.1.dimension.$type = DimensionKey
owner.dimensions.0.value.sourceRoots.1.dimension.legacyId = absent
owner.dimensions.0.value.sourceRoots.1.programName = gbuffers_terrain
owner.dimensions.0.value.sourceRoots.1.source = shaders/gbuffers_terrain.vsh
owner.dimensions.0.value.sourceRoots.1.stage = VERTEX
owner.idMappings.blocks.$type = IdMappingFileInput
owner.idMappings.blocks.fingerprint = sha256:08fd55f4752aaa76b51734ac92ac4053235b27541e8477f7eee3919b7fc8ce1f
owner.idMappings.blocks.kind = BLOCK
owner.idMappings.blocks.state = ABSENT
owner.idMappings.entities.$type = IdMappingFileInput
owner.idMappings.entities.fingerprint = sha256:f01846e0235cb1387beb11ba4461a171561e61e5de4f6e871780fe50fbc8515a
owner.idMappings.entities.kind = ENTITY
owner.idMappings.entities.state = ABSENT
owner.idMappings.items.$type = IdMappingFileInput
owner.idMappings.items.fingerprint = sha256:97ae4ff6db33f8c139fda5363e7fcc66b4e362a2d83866eca6215566991a72eb
owner.idMappings.items.kind = ITEM
owner.idMappings.items.state = ABSENT
owner.idMappings.layers.$type = IdMappingFileInput
owner.idMappings.layers.fingerprint = sha256:74d887a3f12a5a4e973e30a3d9000ac62fb957380fad795e4e378d99cee2e13b
owner.idMappings.layers.kind = LAYER
owner.idMappings.layers.state = ABSENT
owner.idMappings.parserEnvironment.$type = IdMappingMacroEnvironment
owner.idMappings.parserEnvironment.mcVersion = 11202
owner.idMappings.parserEnvironment.standardMacros.0.$type = MacroDefinition
owner.idMappings.parserEnvironment.standardMacros.0.name = MC_VERSION
owner.idMappings.parserEnvironment.standardMacros.0.replacement = sha256:d9fe91d61ee11e9fa91494f9775b2acdea63ea237393bc5f71b28c201c0da199
owner.idMappings.schemaVersion = 23
owner.pack.compatibility = COMPATIBLE
owner.pack.identity.contentHashes.0.key = shaders/gbuffers_terrain.fsh
owner.pack.identity.contentHashes.0.value = sha256:1bc066c202d813d3133311effb7235850e98141018145fc298c4210ff1a88760
owner.pack.identity.contentHashes.1.key = shaders/gbuffers_terrain.vsh
owner.pack.identity.contentHashes.1.value = sha256:fc8d640239808c5052882957b22af67ff5862536eb39024012a13a3b7e52c8d7
owner.pack.identity.contentHashes.2.key = shaders/shaders.properties
owner.pack.identity.contentHashes.2.value = sha256:0e14d004bde999483f0c81d9e473dc46e593080dc1c079b4320500ced8db3202
owner.pack.identity.selectedRoot = shaders
owner.pack.schemaVersion = 23
owner.properties.customExpressions.0.$type = CustomExpressionDecl
owner.properties.customExpressions.0.attribution.$type = SourceAttribution
owner.properties.customExpressions.0.attribution.physicalColumn = 1
owner.properties.customExpressions.0.attribution.physicalLine = 14
owner.properties.customExpressions.0.attribution.source = shaders/shaders.properties
owner.properties.customExpressions.0.kind = UNIFORM
owner.properties.customExpressions.0.name = frameTimeCounter
owner.properties.customExpressions.0.rawExpression = sha256:7ff1a0d7ccab20df5ebb0d7a112e769e2c778875835ad23dcb69699f90205640
owner.properties.customExpressions.0.sourceOrdinal = 1
owner.properties.customExpressions.0.type = FLOAT
owner.properties.engineFlags.backFaceCutout = DEFAULT
owner.properties.engineFlags.backFaceCutoutMipped = DEFAULT
owner.properties.engineFlags.backFaceSolid = DEFAULT
owner.properties.engineFlags.backFaceTranslucent = DEFAULT
owner.properties.engineFlags.beaconBeamDepth = DEFAULT
owner.properties.engineFlags.clouds = DEFAULT
owner.properties.engineFlags.dynamicHandLight = DEFAULT
owner.properties.engineFlags.frustumCulling = DEFAULT
owner.properties.engineFlags.moon = DEFAULT
owner.properties.engineFlags.oldHandLight = DEFAULT
owner.properties.engineFlags.oldLighting = DEFAULT
owner.properties.engineFlags.rainDepth = DEFAULT
owner.properties.engineFlags.separateAo = FALSE
owner.properties.engineFlags.shadowBlockEntities = DEFAULT
owner.properties.engineFlags.shadowEntities = DEFAULT
owner.properties.engineFlags.shadowPlayer = DEFAULT
owner.properties.engineFlags.shadowTerrain = DEFAULT
owner.properties.engineFlags.shadowTranslucent = DEFAULT
owner.properties.engineFlags.sun = DEFAULT
owner.properties.engineFlags.underwaterOverlay = DEFAULT
owner.properties.engineFlags.vignette = DEFAULT
owner.properties.noise = absent
owner.properties.textureDeclarations.0.$type = TexturePropertyDecl
owner.properties.textureDeclarations.0.attribution.$type = SourceAttribution
owner.properties.textureDeclarations.0.attribution.physicalColumn = 1
owner.properties.textureDeclarations.0.attribution.physicalLine = 13
owner.properties.textureDeclarations.0.attribution.source = shaders/shaders.properties
owner.properties.textureDeclarations.0.disposition = INVALID_VALUE
owner.properties.textureDeclarations.0.key = sha256:a8705b6ee67adf62384018aee24779f9c44d2491d34fafdf6c9b24260a17d6bb
owner.properties.textureDeclarations.0.sourceOrdinal = 0
owner.properties.textureDeclarations.0.value = sha256:adce8dd8a5bd023bed32f8b4946d9956c536cd2b93d74af8b7a8e019adbefea1
owner.properties.unknownProperties.0.$type = UnknownProperty
owner.properties.unknownProperties.0.attribution.$type = SourceAttribution
owner.properties.unknownProperties.0.attribution.physicalColumn = 1
owner.properties.unknownProperties.0.attribution.physicalLine = 15
owner.properties.unknownProperties.0.attribution.source = shaders/shaders.properties
owner.properties.unknownProperties.0.key = sha256:fa593b46d4d55277c9ac6f726377a9056849e0a0f16890dffd3e325ec55a4648
owner.properties.unknownProperties.0.value = sha256:534be7f592400154c2e918ffbfecfb8d48a1896f4c96e3cb855e3a39ddd7e47c
present = true

[macros]
owner.macros.companionOptionMacros.$type = CompanionOptionMacros
owner.macros.companionOptionMacros.normalMap = false
owner.macros.companionOptionMacros.specularMap = false
owner.macros.identityPolicy = OPTION_1

[diagnostics]
count = 0
