# schmaloogium golden · kind=frontend · schema=1
engine.version = 0.1.0-dev
input.configurationFingerprint = 30c3508a887d13a4c45d377d4721fbb991fd6137c0b0c474463baebd2e3bd3af
input.configurationSchema = 23
input.pack = mp-shadow@1.0.0
input.packSha512 = 
input.profile = synthetic-gl33
input.projectionVersion = 1

[sources]
count = 5
shaders/gbuffers_terrain.fsh = lines=9 sha256=48a947c3e99a9057fa100c0214544d887a3b256987090e0e2a5fe22130ff8b5b
shaders/gbuffers_terrain.vsh = lines=9 sha256=c04cc61eef08481f7e5b1cd19a661faf09a1fa3a81edebd4924803b15ddd7d76
shaders/shaders.properties = lines=15 sha256=2e5b15629478c8fe0de1ba01d27420b082856ee23089ef7cc18a1673305354fd
shaders/shadow.fsh = lines=9 sha256=94a95bd71e7cc204b35afc91e6868ccf7fba5f65aacde6296a2335882b517c94
shaders/shadow.vsh = lines=9 sha256=c04cc61eef08481f7e5b1cd19a661faf09a1fa3a81edebd4924803b15ddd7d76

[programs]
owner.programStates.$type = Evaluated
owner.programStates.programs.0.$type = EvaluatedProgramState
owner.programStates.programs.0.alphaTest = absent
owner.programStates.programs.0.blend = absent
owner.programStates.programs.0.finalEnabled = true
owner.programStates.programs.0.key.$type = ProgramKey
owner.programStates.programs.0.key.dimension.$type = DimensionKey
owner.programStates.programs.0.key.dimension.legacyId = absent
owner.programStates.programs.0.key.programName = gbuffers_terrain
owner.programStates.programs.0.profileDisabled = false
owner.programStates.programs.0.propertyEnabled = true
owner.programStates.programs.0.scale = absent
owner.programStates.programs.1.$type = EvaluatedProgramState
owner.programStates.programs.1.alphaTest = absent
owner.programStates.programs.1.blend = absent
owner.programStates.programs.1.finalEnabled = true
owner.programStates.programs.1.key.$type = ProgramKey
owner.programStates.programs.1.key.dimension.$type = DimensionKey
owner.programStates.programs.1.key.dimension.legacyId = absent
owner.programStates.programs.1.key.programName = shadow
owner.programStates.programs.1.profileDisabled = false
owner.programStates.programs.1.propertyEnabled = true
owner.programStates.programs.1.scale = absent

[sizing]
owner.resources.centerDepth.$type = CenterDepthRequirements
owner.resources.centerDepth.required = false
owner.resources.minima.$type = BufferMinima
owner.resources.minima.colorBuffers = 8
owner.resources.minima.mainDepthTextures = 1
owner.resources.minima.shadowColorBuffers = 0
owner.resources.minima.shadowDepthBuffers = 1
owner.resources.noise.$type = NoiseRequirement
owner.resources.noise.enabled = false
owner.resources.noise.resolution = 256
owner.resources.shadow.$type = ShadowRequirements
owner.resources.shadow.distance = 160
owner.resources.shadow.distanceRenderMultiplier = -1
owner.resources.shadow.fov = absent
owner.resources.shadow.intervalSize = 4
owner.resources.shadow.resolution = 1024
owner.resources.smoothing.$type = SmoothingConstants
owner.resources.smoothing.centerDepthHalfLifeTicks = 1
owner.resources.smoothing.drynessHalfLifeTicks = 600
owner.resources.smoothing.eyeBrightnessHalfLifeTicks = 10
owner.resources.smoothing.wetnessHalfLifeTicks = 600
owner.resources.world.$type = WorldRenderConstants
owner.resources.world.ambientOcclusionLevel = 0.5
owner.resources.world.sunPathRotation = 0

[options]
owner.options.mainScreen.$type = ScreenModel
owner.options.mainScreen.explicitColumns = absent

[properties]
owner.dimensions.0.key.$type = DimensionKey
owner.dimensions.0.key.legacyId = absent
owner.dimensions.0.value.$type = DimensionConfiguration
owner.dimensions.0.value.baseDimension = absent
owner.dimensions.0.value.key.$type = DimensionKey
owner.dimensions.0.value.key.legacyId = absent
owner.dimensions.0.value.mode = BASE
owner.dimensions.0.value.sourceRoots.0.$type = SourceKey
owner.dimensions.0.value.sourceRoots.0.dimension.$type = DimensionKey
owner.dimensions.0.value.sourceRoots.0.dimension.legacyId = absent
owner.dimensions.0.value.sourceRoots.0.programName = gbuffers_terrain
owner.dimensions.0.value.sourceRoots.0.source = shaders/gbuffers_terrain.fsh
owner.dimensions.0.value.sourceRoots.0.stage = FRAGMENT
owner.dimensions.0.value.sourceRoots.1.$type = SourceKey
owner.dimensions.0.value.sourceRoots.1.dimension.$type = DimensionKey
owner.dimensions.0.value.sourceRoots.1.dimension.legacyId = absent
owner.dimensions.0.value.sourceRoots.1.programName = gbuffers_terrain
owner.dimensions.0.value.sourceRoots.1.source = shaders/gbuffers_terrain.vsh
owner.dimensions.0.value.sourceRoots.1.stage = VERTEX
owner.dimensions.0.value.sourceRoots.2.$type = SourceKey
owner.dimensions.0.value.sourceRoots.2.dimension.$type = DimensionKey
owner.dimensions.0.value.sourceRoots.2.dimension.legacyId = absent
owner.dimensions.0.value.sourceRoots.2.programName = shadow
owner.dimensions.0.value.sourceRoots.2.source = shaders/shadow.fsh
owner.dimensions.0.value.sourceRoots.2.stage = FRAGMENT
owner.dimensions.0.value.sourceRoots.3.$type = SourceKey
owner.dimensions.0.value.sourceRoots.3.dimension.$type = DimensionKey
owner.dimensions.0.value.sourceRoots.3.dimension.legacyId = absent
owner.dimensions.0.value.sourceRoots.3.programName = shadow
owner.dimensions.0.value.sourceRoots.3.source = shaders/shadow.vsh
owner.dimensions.0.value.sourceRoots.3.stage = VERTEX
owner.idMappings.blocks.$type = IdMappingFileInput
owner.idMappings.blocks.fingerprint = sha256:08fd55f4752aaa76b51734ac92ac4053235b27541e8477f7eee3919b7fc8ce1f
owner.idMappings.blocks.kind = BLOCK
owner.idMappings.blocks.state = ABSENT
owner.idMappings.entities.$type = IdMappingFileInput
owner.idMappings.entities.fingerprint = sha256:f01846e0235cb1387beb11ba4461a171561e61e5de4f6e871780fe50fbc8515a
owner.idMappings.entities.kind = ENTITY
owner.idMappings.entities.state = ABSENT
owner.idMappings.items.$type = IdMappingFileInput
owner.idMappings.items.fingerprint = sha256:97ae4ff6db33f8c139fda5363e7fcc66b4e362a2d83866eca6215566991a72eb
owner.idMappings.items.kind = ITEM
owner.idMappings.items.state = ABSENT
owner.idMappings.layers.$type = IdMappingFileInput
owner.idMappings.layers.fingerprint = sha256:74d887a3f12a5a4e973e30a3d9000ac62fb957380fad795e4e378d99cee2e13b
owner.idMappings.layers.kind = LAYER
owner.idMappings.layers.state = ABSENT
owner.idMappings.parserEnvironment.$type = IdMappingMacroEnvironment
owner.idMappings.parserEnvironment.mcVersion = 11202
owner.idMappings.parserEnvironment.standardMacros.0.$type = MacroDefinition
owner.idMappings.parserEnvironment.standardMacros.0.name = MC_VERSION
owner.idMappings.parserEnvironment.standardMacros.0.replacement = sha256:d9fe91d61ee11e9fa91494f9775b2acdea63ea237393bc5f71b28c201c0da199
owner.idMappings.schemaVersion = 23
owner.pack.compatibility = COMPATIBLE
owner.pack.identity.contentHashes.0.key = shaders/gbuffers_terrain.fsh
owner.pack.identity.contentHashes.0.value = sha256:ff793a8947d207aebafb1bba05020261079d825e132f64c7d70d9d263bb5a60f
owner.pack.identity.contentHashes.1.key = shaders/gbuffers_terrain.vsh
owner.pack.identity.contentHashes.1.value = sha256:fc8d640239808c5052882957b22af67ff5862536eb39024012a13a3b7e52c8d7
owner.pack.identity.contentHashes.2.key = shaders/shaders.properties
owner.pack.identity.contentHashes.2.value = sha256:dde5728ca104719e6a1496e1cf6055ab842200f5ff2126240b9614ea7443a700
owner.pack.identity.contentHashes.3.key = shaders/shadow.fsh
owner.pack.identity.contentHashes.3.value = sha256:52fbebaac362795e87d1783561305812020e2c9294c17e3af4739b0fdf7a134f
owner.pack.identity.contentHashes.4.key = shaders/shadow.vsh
owner.pack.identity.contentHashes.4.value = sha256:fc8d640239808c5052882957b22af67ff5862536eb39024012a13a3b7e52c8d7
owner.pack.identity.selectedRoot = shaders
owner.pack.schemaVersion = 23
owner.properties.engineFlags.backFaceCutout = DEFAULT
owner.properties.engineFlags.backFaceCutoutMipped = DEFAULT
owner.properties.engineFlags.backFaceSolid = DEFAULT
owner.properties.engineFlags.backFaceTranslucent = DEFAULT
owner.properties.engineFlags.beaconBeamDepth = DEFAULT
owner.properties.engineFlags.clouds = DEFAULT
owner.properties.engineFlags.dynamicHandLight = DEFAULT
owner.properties.engineFlags.frustumCulling = DEFAULT
owner.properties.engineFlags.moon = DEFAULT
owner.properties.engineFlags.oldHandLight = DEFAULT
owner.properties.engineFlags.oldLighting = DEFAULT
owner.properties.engineFlags.rainDepth = DEFAULT
owner.properties.engineFlags.separateAo = DEFAULT
owner.properties.engineFlags.shadowBlockEntities = DEFAULT
owner.properties.engineFlags.shadowEntities = DEFAULT
owner.properties.engineFlags.shadowPlayer = DEFAULT
owner.properties.engineFlags.shadowTerrain = DEFAULT
owner.properties.engineFlags.shadowTranslucent = DEFAULT
owner.properties.engineFlags.sun = DEFAULT
owner.properties.engineFlags.underwaterOverlay = DEFAULT
owner.properties.engineFlags.vignette = DEFAULT
owner.properties.noise = absent
owner.properties.unknownProperties.0.$type = UnknownProperty
owner.properties.unknownProperties.0.attribution.$type = SourceAttribution
owner.properties.unknownProperties.0.attribution.physicalColumn = 1
owner.properties.unknownProperties.0.attribution.physicalLine = 6
owner.properties.unknownProperties.0.attribution.source = shaders/shaders.properties
owner.properties.unknownProperties.0.key = sha256:62c5b5844cb1077adc4911e09a8fd7b58fb9877cc97b7ede6a216826a6eefb84
owner.properties.unknownProperties.0.value = sha256:a09d396bb9bf7b1420eb9116483fd5a04d2e52ee493844b4b5c7333271533718
owner.properties.unknownProperties.1.$type = UnknownProperty
owner.properties.unknownProperties.1.attribution.$type = SourceAttribution
owner.properties.unknownProperties.1.attribution.physicalColumn = 1
owner.properties.unknownProperties.1.attribution.physicalLine = 7
owner.properties.unknownProperties.1.attribution.source = shaders/shaders.properties
owner.properties.unknownProperties.1.key = sha256:60af5d3b94d56a89aa6d6bf89c8c0a57c47ace4c2799ade6cafc3cb4707684bf
owner.properties.unknownProperties.1.value = sha256:1829721182dad95c754e5cefd27b107f1c332409ed638e6e36dd66d7561071af
owner.properties.unknownProperties.2.$type = UnknownProperty
owner.properties.unknownProperties.2.attribution.$type = SourceAttribution
owner.properties.unknownProperties.2.attribution.physicalColumn = 1
owner.properties.unknownProperties.2.attribution.physicalLine = 8
owner.properties.unknownProperties.2.attribution.source = shaders/shaders.properties
owner.properties.unknownProperties.2.key = sha256:888fed109a2eee06954754fd01d648bed903b033405d9d68807ebb2314cb8071
owner.properties.unknownProperties.2.value = sha256:d94c2010775905bef97153a778357991bdca303c53dca9d287e0e18491d704af
owner.properties.unknownProperties.3.$type = UnknownProperty
owner.properties.unknownProperties.3.attribution.$type = SourceAttribution
owner.properties.unknownProperties.3.attribution.physicalColumn = 1
owner.properties.unknownProperties.3.attribution.physicalLine = 9
owner.properties.unknownProperties.3.attribution.source = shaders/shaders.properties
owner.properties.unknownProperties.3.key = sha256:ac902edf48752e18eedb27077702e343fbe85e03039746d9d3c187c96431e353
owner.properties.unknownProperties.3.value = sha256:7eb4f535f337ddc973aabf31eb3f1610f5cb9945f45fd7e7d80694a1bc03969f
owner.properties.unknownProperties.4.$type = UnknownProperty
owner.properties.unknownProperties.4.attribution.$type = SourceAttribution
owner.properties.unknownProperties.4.attribution.physicalColumn = 1
owner.properties.unknownProperties.4.attribution.physicalLine = 10
owner.properties.unknownProperties.4.attribution.source = shaders/shaders.properties
owner.properties.unknownProperties.4.key = sha256:8b1294030f28579701125fa9e78917b1ac9e2d983c940dce7ce7c2a606ee2f31
owner.properties.unknownProperties.4.value = sha256:e4597ef55d648c9a140c919a4c5114db6300ecbbaf59a66c97a5d704a921b6af
owner.properties.unknownProperties.5.$type = UnknownProperty
owner.properties.unknownProperties.5.attribution.$type = SourceAttribution
owner.properties.unknownProperties.5.attribution.physicalColumn = 1
owner.properties.unknownProperties.5.attribution.physicalLine = 11
owner.properties.unknownProperties.5.attribution.source = shaders/shaders.properties
owner.properties.unknownProperties.5.key = sha256:53d149a64b44e3a2c11ebcefb0cbfc5142c5e338c442121cc947d4834af86057
owner.properties.unknownProperties.5.value = sha256:e4597ef55d648c9a140c919a4c5114db6300ecbbaf59a66c97a5d704a921b6af
owner.properties.unknownProperties.6.$type = UnknownProperty
owner.properties.unknownProperties.6.attribution.$type = SourceAttribution
owner.properties.unknownProperties.6.attribution.physicalColumn = 1
owner.properties.unknownProperties.6.attribution.physicalLine = 12
owner.properties.unknownProperties.6.attribution.source = shaders/shaders.properties
owner.properties.unknownProperties.6.key = sha256:0433ecc62c206a526f87609c33f805c82ea02576d87473e36c03f572bc25901e
owner.properties.unknownProperties.6.value = sha256:e4597ef55d648c9a140c919a4c5114db6300ecbbaf59a66c97a5d704a921b6af
owner.properties.unknownProperties.7.$type = UnknownProperty
owner.properties.unknownProperties.7.attribution.$type = SourceAttribution
owner.properties.unknownProperties.7.attribution.physicalColumn = 1
owner.properties.unknownProperties.7.attribution.physicalLine = 13
owner.properties.unknownProperties.7.attribution.source = shaders/shaders.properties
owner.properties.unknownProperties.7.key = sha256:944c5943ca13f2cef494fb870b509d7051a4dd73a462bf0c5b63aed9297fc730
owner.properties.unknownProperties.7.value = sha256:b67b5655e00f53445a114a6c7f360e78273694a19af6bb32642856c7d216dd84
owner.properties.unknownProperties.8.$type = UnknownProperty
owner.properties.unknownProperties.8.attribution.$type = SourceAttribution
owner.properties.unknownProperties.8.attribution.physicalColumn = 1
owner.properties.unknownProperties.8.attribution.physicalLine = 14
owner.properties.unknownProperties.8.attribution.source = shaders/shaders.properties
owner.properties.unknownProperties.8.key = sha256:b6a33359c17a08db43f1090e42b9879fc1114cc5544f03e125d91c7c4b691d6b
owner.properties.unknownProperties.8.value = sha256:8211ed0c57bdbf13fad8015176bc8863a52e9db2f3a104ef6be7665441936402
present = true

[macros]
owner.macros.companionOptionMacros.$type = CompanionOptionMacros
owner.macros.companionOptionMacros.normalMap = false
owner.macros.companionOptionMacros.specularMap = false
owner.macros.identityPolicy = OPTION_1

[diagnostics]
count = 0
